@HD	VN:1.5	SO:unsorted
@SQ	SN:1	LN:249250621
@SQ	SN:2	LN:243199373
@SQ	SN:3	LN:198022430
@SQ	SN:4	LN:191154276
@SQ	SN:5	LN:180915260
@SQ	SN:6	LN:171115067
@SQ	SN:7	LN:159138663
@SQ	SN:8	LN:146364022
@SQ	SN:9	LN:141213431
@SQ	SN:10	LN:135534747
@SQ	SN:11	LN:135006516
@SQ	SN:12	LN:133851895
@SQ	SN:13	LN:115169878
@SQ	SN:14	LN:107349540
@SQ	SN:15	LN:102531392
@SQ	SN:16	LN:90354753
@SQ	SN:17	LN:81195210
@SQ	SN:18	LN:78077248
@SQ	SN:19	LN:59128983
@SQ	SN:20	LN:63025520
@SQ	SN:21	LN:48129895
@SQ	SN:22	LN:51304566
@SQ	SN:X	LN:155270560
@SQ	SN:Y	LN:59373566
@SQ	SN:MT	LN:16569
@SQ	SN:GL000207.1	LN:4262
@SQ	SN:GL000226.1	LN:15008
@SQ	SN:GL000229.1	LN:19913
@SQ	SN:GL000231.1	LN:27386
@SQ	SN:GL000210.1	LN:27682
@SQ	SN:GL000239.1	LN:33824
@SQ	SN:GL000235.1	LN:34474
@SQ	SN:GL000201.1	LN:36148
@SQ	SN:GL000247.1	LN:36422
@SQ	SN:GL000245.1	LN:36651
@SQ	SN:GL000197.1	LN:37175
@SQ	SN:GL000203.1	LN:37498
@SQ	SN:GL000246.1	LN:38154
@SQ	SN:GL000249.1	LN:38502
@SQ	SN:GL000196.1	LN:38914
@SQ	SN:GL000248.1	LN:39786
@SQ	SN:GL000244.1	LN:39929
@SQ	SN:GL000238.1	LN:39939
@SQ	SN:GL000202.1	LN:40103
@SQ	SN:GL000234.1	LN:40531
@SQ	SN:GL000232.1	LN:40652
@SQ	SN:GL000206.1	LN:41001
@SQ	SN:GL000240.1	LN:41933
@SQ	SN:GL000236.1	LN:41934
@SQ	SN:GL000241.1	LN:42152
@SQ	SN:GL000243.1	LN:43341
@SQ	SN:GL000242.1	LN:43523
@SQ	SN:GL000230.1	LN:43691
@SQ	SN:GL000237.1	LN:45867
@SQ	SN:GL000233.1	LN:45941
@SQ	SN:GL000204.1	LN:81310
@SQ	SN:GL000198.1	LN:90085
@SQ	SN:GL000208.1	LN:92689
@SQ	SN:GL000191.1	LN:106433
@SQ	SN:GL000227.1	LN:128374
@SQ	SN:GL000228.1	LN:129120
@SQ	SN:GL000214.1	LN:137718
@SQ	SN:GL000221.1	LN:155397
@SQ	SN:GL000209.1	LN:159169
@SQ	SN:GL000218.1	LN:161147
@SQ	SN:GL000220.1	LN:161802
@SQ	SN:GL000213.1	LN:164239
@SQ	SN:GL000211.1	LN:166566
@SQ	SN:GL000199.1	LN:169874
@SQ	SN:GL000217.1	LN:172149
@SQ	SN:GL000216.1	LN:172294
@SQ	SN:GL000215.1	LN:172545
@SQ	SN:GL000205.1	LN:174588
@SQ	SN:GL000219.1	LN:179198
@SQ	SN:GL000224.1	LN:179693
@SQ	SN:GL000223.1	LN:180455
@SQ	SN:GL000195.1	LN:182896
@SQ	SN:GL000212.1	LN:186858
@SQ	SN:GL000222.1	LN:186861
@SQ	SN:GL000200.1	LN:187035
@SQ	SN:GL000193.1	LN:189789
@SQ	SN:GL000194.1	LN:191469
@SQ	SN:GL000225.1	LN:211173
@SQ	SN:GL000192.1	LN:547496
@RG	ID:0	SM:TCR002101-B	CN:BCM	DT:2013-11-18T02:35:41+0000	LB:TCRB.TCR002101-B-1_1AMP	PL:Illumina	PU:700807_20131106_C2P0JACXX-4-ID05
HWI-ST807:461:C2P0JACXX:4:2303:20410:78021	163	17	131410	29	85M16S	=	131495	186	CCCTCCCAGTGACTGTCCACCCATCACCATCTGAGAGCGTATCCCGCCCGCCCAGCCCTCCCCACCGTCACCCTCACCCCCCACCCCTCCCCATCTGAGGG	:;5?BCDB??11BDD>CCCCBC;B>CDCDBED@@8BCE@BCCEC+2DBE=EDC<?*>C2@CC8A?E84?8<BD############################	LB:Z:TCRB.TCR002101-B-1_1AMP	BD:Z:LLJNMNINNNJNMLNJNLMJLHMMMLJMNNNLOONMNPMNNJNMILNNILNNINOPNIMMNJJOLNMOPNLNJLLLLLLLLLLLLLMMMMMMMNNOOLLLL	MD:Z:25C18A29G3G0T5	PG:Z:MarkDuplicates	RG:Z:0	XG:i:0	BI:Z:NNLQLNKPPOMNNNOMOMOMNJOONNMOOOONPOONOPMPONONLOPOLPPOLQQQOLQLOLLQOPPQQPOPLNONNOOOOOOOOOOOONMLLNOPQNNNN	AM:i:29	NM:i:5	SM:i:29	XM:i:5	XO:i:0	MQ:i:29	OQ:Z:@<1ADDDD?A22AEF?FGIIID?C;FGEGFIB?@4CAFFIIIIE*/?AFA@AA:6(;B);?=<>;@8(855>?############################	XT:A:M	PU:Z:700807_20131106_C2P0JACXX-4-ID05
HWI-ST807:461:C2P0JACXX:4:2113:12112:5350	83	17	131526	60	101M	=	131472	-155	CAGCCCTCCCCACCGTCACCCTGGACGCCCTACCTCTCTTTGCTCACTGCAGATCTTACACAGCCACAGGGGCCGCTTCTGGCCAGGGGAGGCCTCGATCC	?@?@AB@CDEFBFBFBCBFFHEGGC@HFEF??EFDFAGCCDEFCGCGCFGEFCCGC@BFBGEFEEDFDBBBED?DEBCECCDDEDBBBEEDEEGD?B?<==	X0:i:1	X1:i:0	LB:Z:TCRB.TCR002101-B-1_1AMP	BD:Z:POOKRRPMLQMPNPPPLOKOPONPONOKOOOOOONONMCKPPNOKOOOOOLNMMLJNKKKONNOKKOMIINNLMPKKLNMMMNNLHIMLMNNOOQOQNNLL	MD:Z:101	PG:Z:MarkDuplicates	RG:Z:0	XG:i:0	BI:Z:QQOLRRRKJNNQORQQPRMPRRPRROPLOOPQOPOPONFNQQPPOQQQQQOPPONMPOOOQQOPNOQQLKNNMMPMNNPPNNOPPKKNKPNNOPQPPPQNN	AM:i:37	NM:i:0	SM:i:37	XM:i:0	XO:i:0	MQ:i:60	OQ:Z:@?>DDB?DDDA9DDC??9DDDDDDBBDDDC>5DBCC?DEEEEECD@FDFGHHHHHHAGHEGIGGFCIGJJJIIJIJIJJIGEFIIJJJHHHGHFFFFFCCC	XT:A:U	PU:Z:700807_20131106_C2P0JACXX-4-ID05
HWI-ST807:461:C2P0JACXX:4:2108:20692:41103	83	17	131604	60	101M	=	131443	-262	CTGGCCAGGGGAGGCCTCGATCCCACATTTGGTGCAGACTTTCTACAAGAGAGAGGACATGGGGTTGTAAAGATTGCAGCCGCTTCCTCCTCCGCCGAGGG	BB>A=ADCCCEGDGFGB@AEDFFHFGECBEFFFFFCEAEBDCE@BCDFDFBEEEECA@BEEFC=ABABCCDFCCDEEEDC>FFBCDFACFCD@FD?CB=@=	X0:i:1	X1:i:0	LB:Z:TCRB.TCR002101-B-1_1AMP	BD:Z:POOOSSPLKONOPPPOPNONNKPLLPMCLONLPPPMPPMBMMNNKMKLLLLLLMMOKONNIIMLKKNJCKLNLKONNMMKLOKKLMNMNNMLNONOONJLL	MD:Z:101	PG:Z:MarkDuplicates	RG:Z:0	XG:i:0	BI:Z:QQOOSSRKJMKQPPPQRQQQRMQPPRPFNQPOQQQOQQNFOOOPOONOLOLOLQOQOQQQLLPOMNOOGMNONMPPPPNMMPMNPNOPNOPMNONPLQLNN	AM:i:25	NM:i:0	SM:i:37	XM:i:0	XO:i:0	MQ:i:60	OQ:Z:BCBA<BDBBBAC?BDB?><DADDDCADDDBDCCCA>A>CDCCCCACCCCC>DDDDA>9ACDCB9DD>EGFFHGHHGIHEIIHGEGGFDDFGHHFDFDB?@@	XT:A:U	PU:Z:700807_20131106_C2P0JACXX-4-ID05
HWI-ST807:461:C2P0JACXX:4:1304:5643:37833	147	17	131797	60	101M	=	131570	-328	CTCATCTAAAAATCCTTAGTTGGCTTTGGACGTAATGGATGGCCCCATCCACGGAACCCCCACCCCAGAGTTAGGTTCTGTTGGAACCACAGCAAAGCTTG	C?>?@D?ADAEBDFFDBHFEGGHFEAEEE@BFBCDDFE=BFGEEEECCEFD<BC;<EA'A:3CEBEEEEECBDBCBBG@DBCCBCADD>ECEEBABCA;<:	X0:i:1	X1:i:0	LB:Z:TCRB.TCR002101-B-1_1AMP	BD:Z:OPPNQRMFEEMOOPNKNNMLOOQMCLONPOOOKLOONOOOOOJJOOMMOKNLMLLNJJJOKNJJOOLLMLJMMMKKLNJKJMLKKMNJJNMNLCKOQMLLL	MD:Z:101	PG:Z:MarkDuplicates	RG:Z:0	XG:i:0	BI:Z:PPQPRQPGEEMPRPONPQPORPROFNROQQQOONQQOPQQOOLLPQPQPOQPOONPLKKONPKKOPNKONLMOOMMMOLMLOMMLONMMOOONFMPQNNNN	AM:i:37	NM:i:0	SM:i:37	XM:i:0	XO:i:0	MQ:i:60	OQ:Z:CACCCDADCAC>ADC@CCBCCDDCC>B@A8DDDEDDDCC?DDDDDECCDDC??C84F@(?0)BHCEIIHHGJJIIJIHCJIHHBGEGF?HDGHFDADD@@?	XT:A:U	PU:Z:700807_20131106_C2P0JACXX-4-ID05
HWI-ST807:461:C2P0JACXX:4:2302:1443:70300	99	17	145987	18	101M	=	146077	191	GGTGTGGGAGGGACAGAGGAGCTGCAGAAATGGATGGACAGAGGGAATGCACATCAGTGTGGGAGAGACAGAGGAGCTGCAGAAATGGATGGACAGAGGGA	=>:B@EEECFEEBCCEBECBEEDFDCECCCBEDCCECDEEGDFDCDCCFFEDECEEFDFAFDDCG7DCFDGDGFDBGGHHFFAEFEHFEDGE=DCD=A?A=	X0:i:1	X1:i:3	XA:Z:17,+145167,101M,2;17,+146042,101M,2;17,+146097,101M,2;	LB:Z:TCRB.TCR002101-B-1_1AMP	BD:Z:LLOLNMQKNNNJMNKNLMMLMOMNNNOMLBLOOMMOOMNKOMNNJMLLOOOKKNNMOOKKLOKNONONOLPNOONOQOPPPPNMCMQQOOQQOQNSQOOKN	MD:Z:65G35	PG:Z:MarkDuplicates	RG:Z:0	XG:i:0	BI:Z:NNQOOOPLQONKPOMPNONPOPPPPPPNNENPPQPQOQPNQOPOLQOOQQQONQPPQQOOOPLQPOPOPNQOPORQRRRRRRPPGPRQRPPNOOOSRPOLQ	AM:i:0	NM:i:1	SM:i:18	XM:i:1	XO:i:0	MQ:i:7	OQ:Z:@BBDDDFFHHHHHIIJIIJIIJIGIIJIIIIJIIIJJGGGGGIIJFIJJJJJJIJJICE>EAEBD3?AEDDCDDB<BBDDCC>CCDDDCDDD9ACD>CDD<	XT:A:U	PU:Z:700807_20131106_C2P0JACXX-4-ID05
HWI-ST807:461:C2P0JACXX:4:2215:17975:65184	147	17	159519	60	101M	=	159470	-150	GATACGGCATGTCCCCTGCCCTGCCCCAGGCTCCTGCCAGCCCCCCTGCCAGGGGTCCGGGATGACTCTCAGCATGACACATCCCCTCCTCGGTGCAAAGT	##################CEEDGEEC@BEB@9CD;ED@8A:;BBBD=FDAEFEDDCE?CDDCDD>B:FC@EDE@5EBD;DA:BCDFCDBA?CCBED?==::	X0:i:1	X1:i:0	LB:Z:TCRB.TCR002101-B-1_1AMP	BD:Z:LLLLOONNMMMMMMMLLLKOPPOKKPPNOQONOPPOPPOOKKJJNOONOOMIIMNMLLIMNNMOONMNOONOONLNJJJNLLIIMMLMMNKLJOONDLNLL	MD:Z:74G26	PG:Z:MarkDuplicates	RG:Z:0	XG:i:0	BI:Z:NNNNQPONLLMNOOOOOOMPRRPMLPRQOQPQOQQOPQQOLLLLOQQOPQQLLPPPNOKNOPOPPONOOPPOOPNOMMMONOJJMNOMNONNNPPNGNPNN	AM:i:37	NM:i:1	SM:i:37	XM:i:1	XO:i:0	MQ:i:60	OQ:Z:##################@B@@BBB@<9@<87@?9?B;0;78>>?A;DB;?CFHIIHBBGFBFB9?9GH@FBD?4GHF?FC:DIGHFGADHFDDDDDD@<@	XT:A:U	PU:Z:700807_20131106_C2P0JACXX-4-ID05
HWI-ST807:461:C2P0JACXX:4:1316:11382:37327	99	17	169147	60	101M	=	169196	150	CACAGCGCAGCGGGGCTGGTCCAGGCTGGGAAGCCAGAATGACAGGGCCAGAGCAGGGTCTTACCTTCCTGCAGTCTTTGCAGAACACCGACGAGCTGCCC	=?>@DE@FDFF@CDCEDECADBDBCFDECDBCCEEDGCAA@AEC?ACFDCFBCFCEEEDDFCBFFFCFFFGGDEADFDDEFECBFGFGG@CF?BCB@?@?:	X0:i:1	X1:i:0	LB:Z:TCRB.TCR002101-B-1_1AMP	BD:Z:LLLLRROOPOPMLJJMMNNMNLMNMMNOOJMLLPNNOMLLOONKONJNNNOMNPOONJNOMKKONNLMNNPPPPPPMLDNPPPNMMMMONQPPRQTRPPOJ	MD:Z:101	PG:Z:MarkDuplicates	RG:Z:0	XG:i:0	BI:Z:NNONQQNPQPPMMKKNPPOPPNPPNNPPOKPNNQOQPOOOQPPNQOLOOQQOPQQQOLQQONOOPQNOOQQQQQRRPOHPRRRPPPOPQPPNOPQSTQQOL	AM:i:37	NM:i:0	SM:i:37	XM:i:0	XO:i:0	MQ:i:60	OQ:Z:@@CFDFFFHHHDDGIJIJJGIIJ>CHIJDGHH?EFFFFD>;@CE5=?BBDDD@DDCDDCCDDEDDDDDDDDDDA:>ADDCCD>@CCCDDBDDBB@B>?CB2	XT:A:U	PU:Z:700807_20131106_C2P0JACXX-4-ID05
HWI-ST807:461:C2P0JACXX:4:1107:11861:63280	99	Y	3141866	0	101M	=	3141911	146	ATTGCTTTCTCCTATCCACCAATATTTTTATGCTTTATTCTGGAGAGCTTAGGTCCATAATCCATCATCATATGCTAATTTGGCCTAAGGCTGCATTCTAT	7<<?DB?BD8/CD)BD==D7CBB3CAA<74?8+=B=;?>?EF==041+>@AC*@=BDD>BB/,@DEFDE8@;B:=4>D1/=@6,=E=AA+7?@CA>@A@##	X0:i:2	X1:i:0	XA:Z:X,+88872644,101M,2;	LB:Z:TCRB.TCR002101-B-1_1AMP	BD:Z:LLLNRPMDMLLMMMJMLMJLMJKIIJCCCJJOONKCJJKLLOOMNMNPNKJNNNOMNNJJMNNOOONOONOKKPPONKMLDNPOONOLNPPPQRRROMMLL	MD:Z:45G53T1	PG:Z:MarkDuplicates	RG:Z:0	XG:i:0	BI:Z:NNNOQQNGONKNPNNONPNOPMNMNMFFFNNPQQNGNONOOQPQPOPQQNOOOQQOQQNMOPOQQPPQPPQNOQRRPNPOHPQPPRPNOONOOPRSQOONN	AM:i:0	NM:i:2	SM:i:0	XM:i:2	XO:i:0	MQ:i:0	OQ:Z::?;=B?;DB4,AD+CE:<C3EEA3CDB922C2+1@<<<<<BD9:)0))0?D?*90?DD@D?*)=CECCC7;;=/7)=@))773)7?=?;).7;=AA@AD##	XT:A:R	PU:Z:700807_20131106_C2P0JACXX-4-ID05
HWI-ST807:461:C2P0JACXX:4:2106:16151:75383	99	Y	3430107	0	101M	=	3430121	115	ACTCCCAATAAACTACCATTGATATTCTTCATAGAAATAGAAAAAACAATTTTAAAATTCATCTGGGACAGAAAAAGAGCCCAAATAGCCAAGGCAAACAT	=??@CDDCCBCCDDBDBDCBECBBCBDDBDDBCECBCCCFCBCBBBDDBCCBCCCDCCCFEDEEFDEDEDGDDDDFHEHGEGECCEBGGFDBFCEA><@@A	X0:i:2	X1:i:0	XA:Z:X,+89159882,101M,1;	LB:Z:TCRB.TCR002101-B-1_1AMP	BD:Z:LLNMPKPLMJJBLMMMLMMJLNLIIJLLKLMNJNMLBLJNMLBBBBLKKLKCCJJBBLKLNNOMPPKNOLPNMCCCMNOQOJOLCMLPRPPMNQQSOCMLO	MD:Z:47T53	PG:Z:MarkDuplicates	RG:Z:0	XG:i:0	BI:Z:NNPLOLQNOMLENONNOPPMNOOMNMNNMNOPNOOOEONOOOFFFFONNONGGOMFFONOPQPOQPLQPNQOOFGGOPQRPMROGPOPROPLLNPSQFONQ	AM:i:0	NM:i:1	SM:i:0	XM:i:1	XO:i:0	MQ:i:0	OQ:Z:CCCFFFFFHHHHHJJJJJJJJJIIJJJJJJJIHJIJIJIIJJIJJJJJEIJJJJJGFFHHGJIIJIGGGIIJHHHCDFFFEDDDDDACCDDDDDDDDBDDD	XT:A:R	PU:Z:700807_20131106_C2P0JACXX-4-ID05
HWI-ST807:461:C2P0JACXX:4:1208:18496:27663	147	Y	3447355	0	101M	=	3447323	-133	CAAAGCCCAGCCCAAGACACCTCAATCATGTCGAGAAATAACGCAGATACAGGCAGAGTTCTTGCCTTACCAGAGCACAAGAAGAAGCGCAAGGGAAACTT	A?>BCABABDDEGDGFB@4?2<GDDDGEEFDAGFFCCC?BB@FFEEDCBGEDEFFFE@DCGCEFEEC@AD@DADEFBE<CDBDBADD>EDBDCDC@?=<;:	X0:i:2	X1:i:0	XA:Z:X,-89177154,101M,0;	LB:Z:TCRB.TCR002101-B-1_1AMP	BD:Z:NDLORNRRPPLQOMNPLLOOOPNLNPPOLOPNMMMDLKKMONOOLNJNKOMNOOLLMLLMLKONNLJNNOOLLNNJJLJKKJKKJMMLNLJLHMLDMPMLL	MD:Z:101	PG:Z:MarkDuplicates	RG:Z:0	XG:i:0	BI:Z:OGNQRNQQOMKPPOPRPPRPQQPOPPRQNPQPLOOGNOONQNQQOPOPOQQOQQOKPNNNMMPNNMLOPOPMJPOMMMLMMLMMLONLOMLOKNNFNQNNN	AM:i:0	NM:i:0	SM:i:0	XM:i:0	XO:i:0	MQ:i:0	OQ:Z:CAACDBB=9BBDDACC>5(;(:ADCCEDFDCFHHHEHGIIHFFIIIGGHGGGIHCGD>CHGGGHGECDDF@E?EFGHEABIIHFBHEIHFHFDFFDDAC@@	XT:A:R	PU:Z:700807_20131106_C2P0JACXX-4-ID05
HWI-ST807:461:C2P0JACXX:4:2216:7586:25529	147	Y	3447409	0	101M	=	3447394	-116	AGAGTTCTTGCCTTACCAGAGCACAAGAAGAAGCGCAAGGGAAACTTGCCAGCCGAGTCCGTTAAGATCCTCCGCGACTGGATGTATAAGCATCGGTTTAA	B@@4A<@?4CDEA65CBDCBGFDACBFEE@BBA9EDEEADBBDDEDAFDFFFE?DEECC?DBCDEFCCCGCC>E?DAEDBDCDDBCBBDEECB?DC?=7<;	X0:i:2	X1:i:0	XA:Z:X,-89177208,101M,0;	LB:Z:TCRB.TCR002101-B-1_1AMP	BD:Z:MMNMPQONQPPNLPPPPMMOPLLNLMMLMMLOONPNLNJNMDLOLKONOONNLMLMNMLNLJJKLNMMNNMLMNLNNNMLMMJMIIIJMNNLNLMMCKKLL	MD:Z:101	PG:Z:MarkDuplicates	RG:Z:0	XG:i:0	BI:Z:OLPORQONOMNNNQRQRPMRRPPPNOPNOONQPNQONQLOOGNQNNQOPQQONPLOPPMPNLNMNOOPNOPLLONOOOOMNOLMLMMLOOONPOONFMONN	AM:i:0	NM:i:0	SM:i:0	XM:i:0	XO:i:0	MQ:i:0	OQ:Z:>@:3C9<?1AC@>4(>:>@:CA@:@:AC@;B;;:CCC@DA>ACCBC?BBDCFFFEHHIJJJJIGIHHGJHFJIJJJIJJJJJJJJJJJHHHGHDFFFFCCC	XT:A:R	PU:Z:700807_20131106_C2P0JACXX-4-ID05
HWI-ST807:461:C2P0JACXX:4:2310:6829:27141	83	Y	3447592	0	101M	=	3447459	-234	AATGCTCGCAGACGCATTCTCCCGGATATGCTTCAACAGCGTAGAAACGACCCCATCATTGGCCACAAAACGGGCAAAGATGCCCATGCCACCCACCTGCA	@@>BC??EFEEC@GCD?5GDFEBGFEAEDGGBDGCCGFGAEBFDCCB@FBEEDFCCFCCDBEDFBFBCCB=5BEEBBDDCCECCECCDDB@DEF@DE?>==	X0:i:2	X1:i:0	XA:Z:X,-89177391,101M,0;	LB:Z:TCRB.TCR002101-B-1_1AMP	BD:Z:LOPQRSPRQNQPOQQMMNONKMMNOKKOPQMMPNMLPOONOMLLCLNMONJJOOMOOLKNNNOKKMCCLNLINOMBJKMMNMINNMONOKNJPLPPRPPLL	MD:Z:101	PG:Z:MarkDuplicates	RG:Z:0	XG:i:0	BI:Z:NQQQSSOPOMPQORRPPPQRMOQPQPOQQQNOPONOQQPQOOOOGNQPQQLLPQPPQONQOOPONOGGNPOKNPNFMNOPPNKOPPPNONPKPOQOQQQNN	AM:i:0	NM:i:0	SM:i:0	XM:i:0	XO:i:0	MQ:i:0	OQ:Z:DDDDDBDDDBB?BC@A<-BDDBDDC@CDDDDDCDDDDDDDEFFFED=HHBGHDIIJIIIJJIIEHIJIHFD3JJIJJIJJIJJJIJIIFC@FHD?FFDCC@	XT:A:R	PU:Z:700807_20131106_C2P0JACXX-4-ID05
